[P] P0 raw                             train=0.9998 val=0.9313 f1=0.9316 dim= 96528 fit=4.5s cv=0.9384±0.0090
[P-nb] P0 raw                             train=0.9953 val=0.9204 f1=0.9204 dim= 96528 fit=1.6s
[P] P1 strip header (keep Subject)     train=0.9994 val=0.9403 f1=0.9404 dim= 93579 fit=8.5s cv=0.9403±0.0084
[P-nb] P1 strip header (keep Subject)     train=0.9942 val=0.9403 f1=0.9404 dim= 93579 fit=1.4s
[P] P2 strip quotes                    train=0.9992 val=0.8996 f1=0.8997 dim= 89270 fit=1.6s cv=0.9071±0.0089
[P-nb] P2 strip quotes                    train=0.9938 val=0.8671 f1=0.8665 dim= 89270 fit=1.1s
[P] P3 strip email/url/number          train=0.9994 val=0.9358 f1=0.9359 dim= 70772 fit=5.3s cv=0.9403±0.0065
[P-nb] P3 strip email/url/number          train=0.9950 val=0.9313 f1=0.9313 dim= 70772 fit=1.1s
[P] P4 stopwords                       train=0.9998 val=0.9295 f1=0.9298 dim= 96220 fit=1.6s cv=0.9377±0.0081
[P-nb] P4 stopwords                       train=0.9963 val=0.9222 f1=0.9222 dim= 96220 fit=1.3s
[P] P5a Porter stemming                train=0.9996 val=0.9412 f1=0.9414 dim= 83605 fit=2.0s cv=0.9395±0.0056
[P-nb] P5a Porter stemming                train=0.9944 val=0.9159 f1=0.9156 dim= 83605 fit=1.4s
[P] P5b alphabetic tokens len>=3       train=0.9996 val=0.9231 f1=0.9234 dim= 55979 fit=1.3s cv=0.9347±0.0087
[P-nb] P5b alphabetic tokens len>=3       train=0.9953 val=0.9114 f1=0.9113 dim= 55979 fit=1.0s

提升验证集准确率的单项开关: {'header': True, 'noise': True, 'stem': True}
[P] P6 combine improving steps         train=0.9990 val=0.9421 f1=0.9420 dim= 56107 fit=1.8s cv=0.9377±0.0097
[P-nb] P6 combine improving steps         train=0.9886 val=0.9322 f1=0.9322 dim= 56107 fit=1.0s
[P] P7 header + noise                  train=0.9992 val=0.9403 f1=0.9404 dim= 68411 fit=1.9s cv=0.9400±0.0076
[P-nb] P7 header + noise                  train=0.9932 val=0.9385 f1=0.9386 dim= 68411 fit=1.1s
[P] P8 header + stem                   train=0.9992 val=0.9376 f1=0.9376 dim= 80789 fit=3.1s cv=0.9409±0.0093
[P-nb] P8 header + stem                   train=0.9909 val=0.9367 f1=0.9366 dim= 80789 fit=1.2s

验证集最优: P6 combine improving steps  val=0.9421 (SE≈0.0070)  opts={'header': True, 'noise': True, 'stem': True}
与最优差距在 1 个 SE 以内的方案（按开发集 CV 均值排序）:
                          name  val_acc  cv_mean   cv_std  nb_val_acc  n_features
              P8 header + stem 0.937613 0.940915 0.009265    0.936709       80789
P1 strip header (keep Subject) 0.940325 0.940277 0.008367    0.940325       93579
     P3 strip email/url/number 0.935805 0.940276 0.006461    0.931284       70772
             P7 header + noise 0.940325 0.939957 0.007621    0.938517       68411
           P5a Porter stemming 0.941230 0.939477 0.005602    0.915913       83605
    P6 combine improving steps 0.942134 0.937721 0.009732    0.932188       56107

统计上等价的方案: P1 strip header (keep Subject), P3 strip email/url/number, P5a Porter stemming, P6 combine improving steps, P7 header + noise, P8 header + stem
选择（等价方案中步骤最少，NB 旁证最高）→ P1 strip header (keep Subject)  {'header': True}
